// Jest Snapshot v1, https://goo.gl/fbAQLP

exports[`Ordes component renders correct structure 1`] = `ShallowWrapper {}`;
