// Jest Snapshot v1, https://goo.gl/fbAQLP

exports[`App component renders correct structure 1`] = `ShallowWrapper {}`;
