// Jest Snapshot v1, https://goo.gl/fbAQLP

exports[`Product component renders correct structure 1`] = `ShallowWrapper {}`;
